// Jest Snapshot v1, https://goo.gl/fbAQLP

exports[`<SectionTwoColumns/> should render gridTwoColumns 1`] = `
.c5 {
  color: #0A1128;
  text-transform: uppercase;
  font-size: 3.2rem;
}

.c7 {
  max-width: 700px;
}

.c2 {
  display: flex;
  align-items: center;
  justify-content: space-between;
}

.c2 .c4 {
  margin-bottom: 2.4rem;
  color: #0A1128;
}

.c1 {
  max-width: 120rem;
  margin: 0 auto;
  padding: 3.2rem;
  width: 100%;
}

.c0 {
  background-color: #FFFFFF;
  color: #0A1128;
  min-height: 100vh;
  display: flex;
  align-items: center;
}

.c6 {
  font-size: 1.6rem;
}

@media (max-width:768px) {
  .c3 {
    margin-bottom: 3.2rem;
    text-align: center;
  }
}

@media (max-width:768px) {
  .c7 {
    max-width: 100vw;
  }
}

@media (max-width:768px) {
  .c2 {
    flex-wrap: wrap;
  }
}

<div>
  <div
    background="0"
    class="c0"
  >
    <div
      class="c1"
    >
      <div
        background="0"
        class="c2"
      >
        <div
          class="c3"
        >
          <h1
            class="c4 c5"
            isdark="1"
            uppercase="1"
          >
            Grid two columns
          </h1>
          <p
            class="c6"
          >
            Alo hamigos
          </p>
        </div>
        <img
          alt="Grid two columns"
          class="c7"
          src="./assets/images/image1.svg"
        />
      </div>
    </div>
  </div>
</div>
`;
