// Jest Snapshot v1, https://goo.gl/fbAQLP

exports[`<LogoLink/> should match snapshot 1`] = `
.c1 {
  color: #0A1128;
  text-decoration: none;
  font-size: 2.4rem;
  display: flex;
  align-items: center;
}

.c1 >img {
  width: 20rem;
}

.c0 {
  color: #0A1128;
  text-transform: none;
  font-size: 3.2rem;
}

<div>
  <h1
    class="c0"
  >
    <a
      class="c1"
      href="#target"
    >
      <span>
        LogoLink
      </span>
    </a>
  </h1>
</div>
`;
