// Jest Snapshot v1, https://goo.gl/fbAQLP

exports[`<Footer/> should render Footer 1`] = `
.c0 {
  display: flex;
  justify-content: center;
  align-items: center;
  border-top: 1px solid #DDDDDD;
  font-size: 1.6rem;
  padding: 1.6rem;
}

.c0 a {
  color: #0A1128;
  text-decoration: none;
  font-size: 1.6rem;
}

<div>
  <footer
    class="c0"
  >
    <h1>
      Ol√°
    </h1>
  </footer>
</div>
`;
