// Jest Snapshot v1, https://goo.gl/fbAQLP

exports[`<SectionContent/> should render SectionContent 1`] = `
.c1 {
  max-width: 120rem;
  margin: 0 auto;
  padding: 3.2rem;
  width: 100%;
}

.c0 {
  background-color: #FFFFFF;
  color: #0A1128;
  min-height: 100vh;
  display: flex;
  align-items: center;
}

.c5 {
  color: #0A1128;
  text-transform: uppercase;
  font-size: 3.2rem;
}

.c8 {
  display: block;
}

.c9 {
  font-weight: bold;
  border: none;
  background-color: #dc143c;
  color: #FFFFFF;
  border-radius: 4px;
  padding: 8px 40px;
  font-size: 2.4rem;
  cursor: pointer;
  transition: all 0.3s ease-in-out;
}

.c9:hover {
  background-color: #b81132;
}

.c3 .c4 {
  margin-bottom: 1.6rem;
  text-align: center;
}

.c6 {
  font-size: 1.6rem;
  text-align: center;
}

.c6 p {
  margin-top: 2.4rem;
}

.c2 .c4 {
  margin-bottom: 1.6rem;
  color: #0A1128;
}

.c2 .c7 {
  margin-top: 2.4rem;
  text-align: center;
}

<div>
  <div
    background="0"
    class="c0"
  >
    <div
      class="c1"
    >
      <div
        background="0"
        class="c2"
      >
        <div
          class="c3"
        >
          <h1
            class="c4 c5"
            isdark="1"
            uppercase="1"
          >
            TÃ­tulo
          </h1>
        </div>
        <div
          class="c6"
        >
          
  
          <p>
            Pellentesque habitant morbi tristique senectus et netus et malesuada fames ac turpis egestas. Vestibulum tortor quam, feugiat vitae, ultricies eget, tempor sit amet, ante. Donec eu libero sit amet quam egestas semper. Aenean ultricies mi vitae est. Mauris placerat eleifend leo. Quisque sit amet est et sapien ullamcorper pharetra. Vestibulum erat wisi, condimentum sed, commodo vitae, ornare sit amet, wisi. Aenean fermentum, elit eget tincidunt condimentum, eros ipsum rutrum orci, sagittis tempus lacus enim ac dui. Donec non enim in turpis pulvinar facilisis. Ut felis. Praesent dapibus, neque id cursus faucibus, tortor neque egestas augue, eu vulputate magna eros eu erat. Aliquam erat volutpat. Nam dui mi, tincidunt quis, accumsan porttitor, facilisis luctus, metus
          </p>
          
  
          <p>
            Pellentesque habitant morbi tristique senectus et netus et malesuada fames ac turpis egestas. Vestibulum tortor quam, feugiat vitae, ultricies eget, tempor sit amet, ante. Donec eu libero sit amet quam egestas semper. Aenean ultricies mi vitae est. Mauris placerat eleifend leo. Quisque sit amet est et sapien ullamcorper pharetra. Vestibulum erat wisi, condimentum sed, commodo vitae, ornare sit amet, wisi. Aenean fermentum, elit eget tincidunt condimentum, eros ipsum rutrum orci, sagittis tempus lacus enim ac dui. Donec non enim in turpis pulvinar facilisis. Ut felis. Praesent dapibus, neque id cursus faucibus, tortor neque egestas augue, eu vulputate magna eros eu erat. Aliquam erat volutpat. Nam dui mi, tincidunt quis, accumsan porttitor, facilisis luctus, metus
          </p>
          
  
        </div>
        <a
          class="c7 c8"
          href="#"
        >
          <button
            class="c9"
          >
            Clique aqui
          </button>
        </a>
      </div>
    </div>
  </div>
</div>
`;
